EN stmtest NULL C:/sw_repo/Soft/WIP/STMTest.vhd sub00/vhpl00 1392136346
AR stm_quartus stmtest_a C:/sw_repo/Soft/WIP/STMTest.vhd sub00/vhpl05 1395600446
AR stmtest_quartus stmtest_a C:/sw_repo/Soft/WIP/STMTest.vhd sub00/vhpl03 1392241309
EN stm_quartus NULL C:/sw_repo/Soft/WIP/STMTest.vhd sub00/vhpl04 1395600445
AR stmtest stmtest_a C:/sw_repo/Soft/WIP/STMTest.vhd sub00/vhpl01 1392136347
EN stmtest_quartus NULL C:/sw_repo/Soft/WIP/STMTest.vhd sub00/vhpl02 1392241308
