V3 3
FL C:/sw_repo/Soft/WIP/STMTest.vhd 2014/03/23.19:47:18 P.68d
EN work/STM_Quartus 1395600445 FL C:/sw_repo/Soft/WIP/STMTest.vhd \
      PB ieee/std_logic_1164 1370735607 PB ieee/STD_LOGIC_UNSIGNED 1370735609
AR work/STM_Quartus/STMTest_a 1395600446 \
      FL C:/sw_repo/Soft/WIP/STMTest.vhd EN work/STM_Quartus 1395600445
