V3 3
FL C:/sw_repo/Soft/WIP/STMTest.vhd 2014/02/12.22:41:34 P.68d
EN work/STMTest_Quartus 1392241308 FL C:/sw_repo/Soft/WIP/STMTest.vhd \
      PB ieee/std_logic_1164 1370735607 PB ieee/STD_LOGIC_UNSIGNED 1370735609
AR work/STMTest_Quartus/STMTest_a 1392241309 \
      FL C:/sw_repo/Soft/WIP/STMTest.vhd EN work/STMTest_Quartus 1392241308
